###############################################################################
#
# IAR ELF Linker V9.50.1.380/W64 for ARM                  07/Apr/2026  13:56:27
# Copyright 2007-2023 IAR Systems AB.
#
#    Output file  =  D:\Test\Debug\Exe\test.out
#    Map file     =  D:\Test\Debug\List\test.map
#    Command line =
#        -f D:\Test\Debug\Exe\test.out.rsp
#        (D:\Test\Debug\Obj\DRIVER_5575765168185057779.dir\gd32f30x_adc.o
#        D:\Test\Debug\Obj\DRIVER_5575765168185057779.dir\gd32f30x_bkp.o
#        D:\Test\Debug\Obj\DRIVER_5575765168185057779.dir\gd32f30x_can.o
#        D:\Test\Debug\Obj\DRIVER_5575765168185057779.dir\gd32f30x_crc.o
#        D:\Test\Debug\Obj\DRIVER_5575765168185057779.dir\gd32f30x_ctc.o
#        D:\Test\Debug\Obj\DRIVER_5575765168185057779.dir\gd32f30x_dac.o
#        D:\Test\Debug\Obj\DRIVER_5575765168185057779.dir\gd32f30x_dbg.o
#        D:\Test\Debug\Obj\DRIVER_5575765168185057779.dir\gd32f30x_dma.o
#        D:\Test\Debug\Obj\DRIVER_5575765168185057779.dir\gd32f30x_enet.o
#        D:\Test\Debug\Obj\DRIVER_5575765168185057779.dir\gd32f30x_exmc.o
#        D:\Test\Debug\Obj\DRIVER_5575765168185057779.dir\gd32f30x_exti.o
#        D:\Test\Debug\Obj\DRIVER_5575765168185057779.dir\gd32f30x_fmc.o
#        D:\Test\Debug\Obj\DRIVER_5575765168185057779.dir\gd32f30x_fwdgt.o
#        D:\Test\Debug\Obj\DRIVER_5575765168185057779.dir\gd32f30x_gpio.o
#        D:\Test\Debug\Obj\DRIVER_5575765168185057779.dir\gd32f30x_i2c.o
#        D:\Test\Debug\Obj\DRIVER_5575765168185057779.dir\gd32f30x_misc.o
#        D:\Test\Debug\Obj\DRIVER_5575765168185057779.dir\gd32f30x_pmu.o
#        D:\Test\Debug\Obj\DRIVER_5575765168185057779.dir\gd32f30x_rcu.o
#        D:\Test\Debug\Obj\DRIVER_5575765168185057779.dir\gd32f30x_rtc.o
#        D:\Test\Debug\Obj\DRIVER_5575765168185057779.dir\gd32f30x_sdio.o
#        D:\Test\Debug\Obj\DRIVER_5575765168185057779.dir\gd32f30x_spi.o
#        D:\Test\Debug\Obj\DRIVER_5575765168185057779.dir\gd32f30x_timer.o
#        D:\Test\Debug\Obj\DRIVER_5575765168185057779.dir\gd32f30x_usart.o
#        D:\Test\Debug\Obj\DRIVER_5575765168185057779.dir\gd32f30x_wwdgt.o
#        D:\Test\Debug\Obj\APP_7154173064415748325.dir\main.o
#        D:\Test\Debug\Obj\APP_7154173064415748325.dir\oled.o
#        D:\Test\Debug\Obj\APP_7154173064415748325.dir\st7735.o
#        D:\Test\Debug\Obj\CMSIS_13545061835669826545.dir\startup_gd32f30x_hd.o
#        D:\Test\Debug\Obj\CMSIS_13545061835669826545.dir\system_gd32f30x.o
#        --no_out_extension -o D:\Test\Debug\Exe\test.out --redirect
#        _Printf=_PrintfFullNoMb --redirect _Scanf=_ScanfFullNoMb --map
#        D:\Test\Debug\List\test.map --config "C:\Program Files\IAR
#        Systems\Embedded Workbench
#        9.2\arm/config/linker/GigaDevice/GD32F303xC.icf" --semihosting --entry
#        __iar_program_start --vfe --text_out locale --cpu=Cortex-M4
#        --fpu=VFPv4_sp) --dependencies=n D:\Test\Debug\Exe\test.out.iar_deps
#
###############################################################################

*******************************************************************************
*** RUNTIME MODEL ATTRIBUTES
***

CppFlavor       = *
__CPP_Runtime   = 1
__SystemLibrary = DLib
__dlib_version  = 6


*******************************************************************************
*** HEAP SELECTION
***

The basic heap was selected because --advanced_heap
was not specified and the application did not appear to
be primarily optimized for speed.


*******************************************************************************
*** PLACEMENT SUMMARY
***

"A0":  place at address 0x800'0000 { ro section .intvec };
"P1":  place in [from 0x800'0000 to 0x803'ffff] { ro };
define block CSTACK with size = 1K, alignment = 8 { };
define block PROC_STACK with size = 0, alignment = 8 { };
define block HEAP with size = 2K, alignment = 8 { };
"P2":  place in [from 0x2000'0000 to 0x2000'bfff] {
          rw, block CSTACK, block PROC_STACK, block HEAP };
initialize by copy { rw };

  Section            Kind         Address  Aligment    Size  Object
  -------            ----         -------  --------    ----  ------
"A0":                                                 0x130
  .intvec            ro code   0x800'0000         4   0x130  startup_gd32f30x_hd.o [2]
                             - 0x800'0130             0x130

"P1":                                                0x1308
  .text              ro code   0x800'0130         4   0x5b0  main.o [1]
  .text              ro code   0x800'06e0         4   0x1f8  gd32f30x_rcu.o [3]
  .text              ro code   0x800'08d8         4    0xde  gd32f30x_gpio.o [3]
  .text              ro code   0x800'09b6         2    0x2a  copy_init3.o [6]
  .text              ro code   0x800'09e0         4   0x3a0  gd32f30x_adc.o [3]
  .text              ro code   0x800'0d80         4   0x214  gd32f30x_i2c.o [3]
  .text              ro code   0x800'0f94         4    0x66  ABImemset.o [6]
  .text              ro code   0x800'0ffc         4    0x86  ABImemcpy.o [6]
  .text              ro code   0x800'1084         4   0x14c  system_gd32f30x.o [2]
  .text              ro code   0x800'11d0         2    0x38  zero_init3.o [6]
  .text              ro code   0x800'1208         4    0x2a  data_init.o [6]
  .text              ro code   0x800'1234         4    0x22  fpinit_M.o [5]
  .iar.init_table    const     0x800'1258         4    0x24  - Linker created -
  .text              ro code   0x800'127c         4    0x1e  cmain.o [6]
  .text              ro code   0x800'129a         2     0x4  low_level_init.o [4]
  .text              ro code   0x800'129e         2     0x4  exit.o [4]
  .text              ro code   0x800'12a4         4     0xa  cexit.o [6]
  .text              ro code   0x800'12b0         4    0x14  exit.o [7]
  .text              ro code   0x800'12c4         4    0x1c  cstartup_M.o [6]
  .rodata            const     0x800'12e0         4    0x14  main.o [1]
  .rodata            const     0x800'12f4         4    0x10  gd32f30x_rcu.o [3]
  .text              ro code   0x800'1304         4    0x10  startup_gd32f30x_hd.o [2]
  .rodata            const     0x800'1314         4     0x8  gd32f30x_rcu.o [3]
  .rodata            const     0x800'131c         4     0x8  gd32f30x_rcu.o [3]
  .text              ro code   0x800'1324         2     0x4  startup_gd32f30x_hd.o [2]
  .text              ro code   0x800'1328         2     0x4  startup_gd32f30x_hd.o [2]
  .text              ro code   0x800'132c         2     0x4  startup_gd32f30x_hd.o [2]
  .text              ro code   0x800'1330         2     0x4  startup_gd32f30x_hd.o [2]
  .text              ro code   0x800'1334         2     0x4  startup_gd32f30x_hd.o [2]
  .text              ro code   0x800'1338         2     0x4  startup_gd32f30x_hd.o [2]
  .text              ro code   0x800'133c         2     0x4  startup_gd32f30x_hd.o [2]
  .text              ro code   0x800'1340         2     0x4  startup_gd32f30x_hd.o [2]
  .text              ro code   0x800'1344         2     0x4  startup_gd32f30x_hd.o [2]
  .text              ro code   0x800'1348         2     0x4  startup_gd32f30x_hd.o [2]
  .text              ro code   0x800'134c         2     0x4  startup_gd32f30x_hd.o [2]
  .text              ro code   0x800'1350         2     0x4  startup_gd32f30x_hd.o [2]
  .text              ro code   0x800'1354         2     0x4  startup_gd32f30x_hd.o [2]
  .text              ro code   0x800'1358         2     0x4  startup_gd32f30x_hd.o [2]
  .text              ro code   0x800'135c         2     0x4  startup_gd32f30x_hd.o [2]
  .text              ro code   0x800'1360         2     0x4  startup_gd32f30x_hd.o [2]
  .text              ro code   0x800'1364         2     0x4  startup_gd32f30x_hd.o [2]
  .text              ro code   0x800'1368         2     0x4  startup_gd32f30x_hd.o [2]
  .text              ro code   0x800'136c         2     0x4  startup_gd32f30x_hd.o [2]
  .text              ro code   0x800'1370         2     0x4  startup_gd32f30x_hd.o [2]
  .text              ro code   0x800'1374         2     0x4  startup_gd32f30x_hd.o [2]
  .text              ro code   0x800'1378         2     0x4  startup_gd32f30x_hd.o [2]
  .text              ro code   0x800'137c         2     0x4  startup_gd32f30x_hd.o [2]
  .text              ro code   0x800'1380         2     0x4  startup_gd32f30x_hd.o [2]
  .text              ro code   0x800'1384         2     0x4  startup_gd32f30x_hd.o [2]
  .text              ro code   0x800'1388         2     0x4  startup_gd32f30x_hd.o [2]
  .text              ro code   0x800'138c         2     0x4  startup_gd32f30x_hd.o [2]
  .text              ro code   0x800'1390         2     0x4  startup_gd32f30x_hd.o [2]
  .text              ro code   0x800'1394         2     0x4  startup_gd32f30x_hd.o [2]
  .text              ro code   0x800'1398         2     0x4  startup_gd32f30x_hd.o [2]
  .text              ro code   0x800'139c         2     0x4  startup_gd32f30x_hd.o [2]
  .text              ro code   0x800'13a0         2     0x4  startup_gd32f30x_hd.o [2]
  .text              ro code   0x800'13a4         2     0x4  startup_gd32f30x_hd.o [2]
  .text              ro code   0x800'13a8         2     0x4  startup_gd32f30x_hd.o [2]
  .text              ro code   0x800'13ac         2     0x4  startup_gd32f30x_hd.o [2]
  .text              ro code   0x800'13b0         2     0x4  startup_gd32f30x_hd.o [2]
  .text              ro code   0x800'13b4         2     0x4  startup_gd32f30x_hd.o [2]
  .text              ro code   0x800'13b8         2     0x4  startup_gd32f30x_hd.o [2]
  .text              ro code   0x800'13bc         2     0x4  startup_gd32f30x_hd.o [2]
  .text              ro code   0x800'13c0         2     0x4  startup_gd32f30x_hd.o [2]
  .text              ro code   0x800'13c4         2     0x4  startup_gd32f30x_hd.o [2]
  .text              ro code   0x800'13c8         2     0x4  startup_gd32f30x_hd.o [2]
  .text              ro code   0x800'13cc         2     0x4  startup_gd32f30x_hd.o [2]
  .text              ro code   0x800'13d0         2     0x4  startup_gd32f30x_hd.o [2]
  .text              ro code   0x800'13d4         2     0x4  startup_gd32f30x_hd.o [2]
  .text              ro code   0x800'13d8         2     0x4  startup_gd32f30x_hd.o [2]
  .text              ro code   0x800'13dc         2     0x4  startup_gd32f30x_hd.o [2]
  .text              ro code   0x800'13e0         2     0x4  startup_gd32f30x_hd.o [2]
  .text              ro code   0x800'13e4         2     0x4  startup_gd32f30x_hd.o [2]
  .text              ro code   0x800'13e8         2     0x4  startup_gd32f30x_hd.o [2]
  .text              ro code   0x800'13ec         2     0x4  startup_gd32f30x_hd.o [2]
  .text              ro code   0x800'13f0         2     0x4  startup_gd32f30x_hd.o [2]
  .text              ro code   0x800'13f4         2     0x4  startup_gd32f30x_hd.o [2]
  .text              ro code   0x800'13f8         2     0x4  startup_gd32f30x_hd.o [2]
  .text              ro code   0x800'13fc         2     0x4  startup_gd32f30x_hd.o [2]
  .text              ro code   0x800'1400         2     0x4  startup_gd32f30x_hd.o [2]
  .text              ro code   0x800'1404         2     0x4  startup_gd32f30x_hd.o [2]
  .text              ro code   0x800'1408         2     0x4  startup_gd32f30x_hd.o [2]
  .text              ro code   0x800'140c         2     0x4  startup_gd32f30x_hd.o [2]
  .text              ro code   0x800'1410         2     0x4  startup_gd32f30x_hd.o [2]
  .text              ro code   0x800'1414         2     0x4  startup_gd32f30x_hd.o [2]
  .text              ro code   0x800'1418         2     0x4  startup_gd32f30x_hd.o [2]
  .text              ro code   0x800'141c         2     0x4  startup_gd32f30x_hd.o [2]
  .text              ro code   0x800'1420         2     0x4  startup_gd32f30x_hd.o [2]
  .text              ro code   0x800'1424         2     0x4  startup_gd32f30x_hd.o [2]
  .text              ro code   0x800'1428         2     0x4  startup_gd32f30x_hd.o [2]
  .text              ro code   0x800'142c         2     0x4  startup_gd32f30x_hd.o [2]
  .text              ro code   0x800'1430         2     0x4  startup_gd32f30x_hd.o [2]
  Initializer bytes  const     0x800'1434         4     0x4  <for P2-1>
  .rodata            const     0x800'1438               0x0  zero_init3.o [6]
  .rodata            const     0x800'1438               0x0  copy_init3.o [6]
                             - 0x800'1438            0x1308

"P2", part 1 of 3:                                      0x4
  P2-1                        0x2000'0000         4     0x4  <Init block>
    .data            inited   0x2000'0000         4     0x4  system_gd32f30x.o [2]
                            - 0x2000'0004               0x4

"P2", part 2 of 3:                                    0x408
  .bss               zero     0x2000'0004         4   0x400  main.o [1]
  .bss               zero     0x2000'0404         4     0x4  main.o [1]
  .bss               zero     0x2000'0408               0x1  main.o [1]
                            - 0x2000'0409             0x405

"P2", part 3 of 3:                                    0x400
  CSTACK                      0x2000'0410         8   0x400  <Block>
    CSTACK           uninit   0x2000'0410             0x400  <Block tail>
                            - 0x2000'0810             0x400

Unused ranges:

         From           To      Size
         ----           --      ----
   0x800'1438   0x803'ffff  0x3'ebc8
  0x2000'040c  0x2000'040f       0x4
  0x2000'0810  0x2000'bfff    0xb7f0


*******************************************************************************
*** INIT TABLE
***

          Address      Size
          -------      ----
Zero (__iar_zero_init3)
    1 destination range, total size 0x405:
          0x2000'0004  0x405

Copy (__iar_copy_init3)
    1 source range, total size 0x4:
           0x800'1434    0x4
    1 destination range, total size 0x4:
          0x2000'0000    0x4



*******************************************************************************
*** MODULE SUMMARY
***

    Module                 ro code  ro data  rw data
    ------                 -------  -------  -------
command line/config:
    ------------------------------------------------
    Total:

D:\Test\Debug\Obj\APP_7154173064415748325.dir: [1]
    main.o                   1'456       20    1'029
    ------------------------------------------------
    Total:                   1'456       20    1'029

D:\Test\Debug\Obj\CMSIS_13545061835669826545.dir: [2]
    startup_gd32f30x_hd.o      592
    system_gd32f30x.o          332        4        4
    ------------------------------------------------
    Total:                     924        4        4

D:\Test\Debug\Obj\DRIVER_5575765168185057779.dir: [3]
    gd32f30x_adc.o             928
    gd32f30x_gpio.o            222
    gd32f30x_i2c.o             532
    gd32f30x_rcu.o             504       32
    ------------------------------------------------
    Total:                   2'186       32

dl7M_tln.a: [4]
    exit.o                       4
    low_level_init.o             4
    ------------------------------------------------
    Total:                       8

m7M_tls.a: [5]
    fpinit_M.o                  34
    ------------------------------------------------
    Total:                      34

rt7M_tl.a: [6]
    ABImemcpy.o                134
    ABImemset.o                102
    cexit.o                     10
    cmain.o                     30
    copy_init3.o                42
    cstartup_M.o                28
    data_init.o                 42
    zero_init3.o                56
    ------------------------------------------------
    Total:                     444

shb_l.a: [7]
    exit.o                      20
    ------------------------------------------------
    Total:                      20

    Gaps                        10        2
    Linker created                       36    1'024
----------------------------------------------------
    Grand Total:             5'082       94    2'057


*******************************************************************************
*** ENTRY LIST
***

Entry                       Address   Size  Type      Object
-----                       -------   ----  ----      ------
.iar.init_table$$Base    0x800'1258          --   Gb  - Linker created -
.iar.init_table$$Limit   0x800'127c          --   Gb  - Linker created -
?main                    0x800'127d         Code  ??  cmain.o [6]
ADC0_1_IRQHandler        0x800'138d         Code  Wk  startup_gd32f30x_hd.o [2]
ADC2_IRQHandler          0x800'1401         Code  Wk  startup_gd32f30x_hd.o [2]
BusFault_Handler         0x800'1331         Code  Wk  startup_gd32f30x_hd.o [2]
CAN0_EWMC_IRQHandler     0x800'139d         Code  Wk  startup_gd32f30x_hd.o [2]
CAN0_RX1_IRQHandler      0x800'1399         Code  Wk  startup_gd32f30x_hd.o [2]
CSTACK$$Base            0x2000'0410          --   Gb  - Linker created -
CSTACK$$Limit           0x2000'0810          --   ??  - Linker created -
DMA0_Channel0_IRQHandler
                         0x800'1371         Code  Wk  startup_gd32f30x_hd.o [2]
DMA0_Channel1_IRQHandler
                         0x800'1375         Code  Wk  startup_gd32f30x_hd.o [2]
DMA0_Channel2_IRQHandler
                         0x800'1379         Code  Wk  startup_gd32f30x_hd.o [2]
DMA0_Channel3_IRQHandler
                         0x800'137d         Code  Wk  startup_gd32f30x_hd.o [2]
DMA0_Channel4_IRQHandler
                         0x800'1381         Code  Wk  startup_gd32f30x_hd.o [2]
DMA0_Channel5_IRQHandler
                         0x800'1385         Code  Wk  startup_gd32f30x_hd.o [2]
DMA0_Channel6_IRQHandler
                         0x800'1389         Code  Wk  startup_gd32f30x_hd.o [2]
DMA1_Channel0_IRQHandler
                         0x800'1425         Code  Wk  startup_gd32f30x_hd.o [2]
DMA1_Channel1_IRQHandler
                         0x800'1429         Code  Wk  startup_gd32f30x_hd.o [2]
DMA1_Channel2_IRQHandler
                         0x800'142d         Code  Wk  startup_gd32f30x_hd.o [2]
DMA1_Channel3_4_IRQHandler
                         0x800'1431         Code  Wk  startup_gd32f30x_hd.o [2]
DebugMon_Handler         0x800'133d         Code  Wk  startup_gd32f30x_hd.o [2]
EXMC_IRQHandler          0x800'1405         Code  Wk  startup_gd32f30x_hd.o [2]
EXTI0_IRQHandler         0x800'135d         Code  Wk  startup_gd32f30x_hd.o [2]
EXTI10_15_IRQHandler     0x800'13e5         Code  Wk  startup_gd32f30x_hd.o [2]
EXTI1_IRQHandler         0x800'1361         Code  Wk  startup_gd32f30x_hd.o [2]
EXTI2_IRQHandler         0x800'1365         Code  Wk  startup_gd32f30x_hd.o [2]
EXTI3_IRQHandler         0x800'1369         Code  Wk  startup_gd32f30x_hd.o [2]
EXTI4_IRQHandler         0x800'136d         Code  Wk  startup_gd32f30x_hd.o [2]
EXTI5_9_IRQHandler       0x800'13a1         Code  Wk  startup_gd32f30x_hd.o [2]
FMC_IRQHandler           0x800'1355         Code  Wk  startup_gd32f30x_hd.o [2]
HardFault_Handler        0x800'1329         Code  Wk  startup_gd32f30x_hd.o [2]
I2C0_ER_IRQHandler       0x800'13c5         Code  Wk  startup_gd32f30x_hd.o [2]
I2C0_EV_IRQHandler       0x800'13c1         Code  Wk  startup_gd32f30x_hd.o [2]
I2C1_ER_IRQHandler       0x800'13cd         Code  Wk  startup_gd32f30x_hd.o [2]
I2C1_EV_IRQHandler       0x800'13c9         Code  Wk  startup_gd32f30x_hd.o [2]
LVD_IRQHandler           0x800'1349         Code  Wk  startup_gd32f30x_hd.o [2]
MemManage_Handler        0x800'132d         Code  Wk  startup_gd32f30x_hd.o [2]
NMI_Handler              0x800'1325         Code  Wk  startup_gd32f30x_hd.o [2]
NVIC_SetPriority         0x800'0131   0x28  Code  Lc  main.o [1]
OLED_ClearBuffer         0x800'03d1   0x12  Code  Lc  main.o [1]
OLED_Cmd                 0x800'0297   0x84  Code  Lc  main.o [1]
OLED_DataBlock           0x800'031b   0xb6  Code  Lc  main.o [1]
OLED_Init                0x800'0461   0xb2  Code  ??  main.o [1]
OLED_Pixel               0x800'040b   0x56  Code  Lc  main.o [1]
OLED_Update              0x800'03e3   0x28  Code  Lc  main.o [1]
PendSV_Handler           0x800'1341         Code  Wk  startup_gd32f30x_hd.o [2]
RCU_CTC_IRQHandler       0x800'1359         Code  Wk  startup_gd32f30x_hd.o [2]
RTC_Alarm_IRQHandler     0x800'13e9         Code  Wk  startup_gd32f30x_hd.o [2]
RTC_IRQHandler           0x800'1351         Code  Wk  startup_gd32f30x_hd.o [2]
Region$$Table$$Base      0x800'1258          --   ??  - Linker created -
Region$$Table$$Limit     0x800'127c          --   ??  - Linker created -
Reset_Handler            0x800'1305         Code  Wk  startup_gd32f30x_hd.o [2]
SDIO_IRQHandler          0x800'1409         Code  Wk  startup_gd32f30x_hd.o [2]
SPI0_IRQHandler          0x800'13d1         Code  Wk  startup_gd32f30x_hd.o [2]
SPI1_IRQHandler          0x800'13d5         Code  Wk  startup_gd32f30x_hd.o [2]
SPI2_IRQHandler          0x800'1411         Code  Wk  startup_gd32f30x_hd.o [2]
SVC_Handler              0x800'1339         Code  Wk  startup_gd32f30x_hd.o [2]
SysTick_Config           0x800'0159   0x34  Code  Lc  main.o [1]
SysTick_Handler          0x800'018d    0xc  Code  ??  main.o [1]
SystemCoreClock         0x2000'0000    0x4  Data  ??  system_gd32f30x.o [2]
SystemInit               0x800'1085   0x5e  Code  ??  system_gd32f30x.o [2]
TAMPER_IRQHandler        0x800'134d         Code  Wk  startup_gd32f30x_hd.o [2]
TIMER0_BRK_IRQHandler    0x800'13a5         Code  Wk  startup_gd32f30x_hd.o [2]
TIMER0_Channel_IRQHandler
                         0x800'13b1         Code  Wk  startup_gd32f30x_hd.o [2]
TIMER0_TRG_CMT_IRQHandler
                         0x800'13ad         Code  Wk  startup_gd32f30x_hd.o [2]
TIMER0_UP_IRQHandler     0x800'13a9         Code  Wk  startup_gd32f30x_hd.o [2]
TIMER1_IRQHandler        0x800'13b5         Code  Wk  startup_gd32f30x_hd.o [2]
TIMER2_IRQHandler        0x800'13b9         Code  Wk  startup_gd32f30x_hd.o [2]
TIMER3_IRQHandler        0x800'13bd         Code  Wk  startup_gd32f30x_hd.o [2]
TIMER4_IRQHandler        0x800'140d         Code  Wk  startup_gd32f30x_hd.o [2]
TIMER5_IRQHandler        0x800'141d         Code  Wk  startup_gd32f30x_hd.o [2]
TIMER6_IRQHandler        0x800'1421         Code  Wk  startup_gd32f30x_hd.o [2]
TIMER7_BRK_IRQHandler    0x800'13f1         Code  Wk  startup_gd32f30x_hd.o [2]
TIMER7_Channel_IRQHandler
                         0x800'13fd         Code  Wk  startup_gd32f30x_hd.o [2]
TIMER7_TRG_CMT_IRQHandler
                         0x800'13f9         Code  Wk  startup_gd32f30x_hd.o [2]
TIMER7_UP_IRQHandler     0x800'13f5         Code  Wk  startup_gd32f30x_hd.o [2]
UART3_IRQHandler         0x800'1415         Code  Wk  startup_gd32f30x_hd.o [2]
UART4_IRQHandler         0x800'1419         Code  Wk  startup_gd32f30x_hd.o [2]
USART0_IRQHandler        0x800'13d9         Code  Wk  startup_gd32f30x_hd.o [2]
USART1_IRQHandler        0x800'13dd         Code  Wk  startup_gd32f30x_hd.o [2]
USART2_IRQHandler        0x800'13e1         Code  Wk  startup_gd32f30x_hd.o [2]
USBD_HP_CAN0_TX_IRQHandler
                         0x800'1391         Code  Wk  startup_gd32f30x_hd.o [2]
USBD_LP_CAN0_RX0_IRQHandler
                         0x800'1395         Code  Wk  startup_gd32f30x_hd.o [2]
USBD_WKUP_IRQHandler     0x800'13ed         Code  Wk  startup_gd32f30x_hd.o [2]
UsageFault_Handler       0x800'1335         Code  Wk  startup_gd32f30x_hd.o [2]
WWDGT_IRQHandler         0x800'1345         Code  Wk  startup_gd32f30x_hd.o [2]
__aeabi_memcpy4          0x800'0ffd         Code  ??  ABImemcpy.o [6]
__aeabi_memcpy8          0x800'0ffd         Code  ??  ABImemcpy.o [6]
__aeabi_memset           0x800'0f95         Code  ??  ABImemset.o [6]
__cmain                  0x800'127d         Code  ??  cmain.o [6]
__exit                   0x800'12b1   0x14  Code  ??  exit.o [7]
__iar_Memset             0x800'0f95         Code  ??  ABImemset.o [6]
__iar_Memset_word        0x800'0f9d         Code  ??  ABImemset.o [6]
__iar_copy_init3         0x800'09b7   0x2a  Code  ??  copy_init3.o [6]
__iar_data_init3         0x800'1209   0x18  Code  ??  data_init.o [6]
__iar_init_vfp           0x800'1235         Code  ??  fpinit_M.o [5]
__iar_program_start      0x800'12c5         Code  ??  cstartup_M.o [6]
__iar_zero_init3         0x800'11d1   0x38  Code  ??  zero_init3.o [6]
__low_level_init         0x800'129b    0x4  Code  ??  low_level_init.o [4]
__vector_table           0x800'0000         Data  ??  startup_gd32f30x_hd.o [2]
_call_main               0x800'1289         Code  ??  cmain.o [6]
_exit                    0x800'12a5         Code  ??  cexit.o [6]
adc_calibration_enable   0x800'0a4f   0x36  Code  ??  gd32f30x_adc.o [3]
adc_channel_length_config
                         0x800'0b2b   0x5a  Code  ??  gd32f30x_adc.o [3]
adc_config               0x800'01a9   0x94  Code  ??  main.o [1]
adc_data_alignment_config
                         0x800'0b07   0x24  Code  ??  gd32f30x_adc.o [3]
adc_deinit               0x800'09e1   0x54  Code  ??  gd32f30x_adc.o [3]
adc_enable               0x800'0a35   0x1a  Code  ??  gd32f30x_adc.o [3]
adc_external_trigger_config
                         0x800'0c7d   0x62  Code  ??  gd32f30x_adc.o [3]
adc_external_trigger_source_config
                         0x800'0cdf   0x4a  Code  ??  gd32f30x_adc.o [3]
adc_flag_get             0x800'0d5f   0x10  Code  ??  gd32f30x_adc.o [3]
adc_mode_config          0x800'0a85   0x14  Code  ??  gd32f30x_adc.o [3]
adc_read                 0x800'023d   0x22  Code  ??  main.o [1]
adc_regular_channel_config
                         0x800'0b85   0xf8  Code  ??  gd32f30x_adc.o [3]
adc_regular_data_read    0x800'0d57    0x8  Code  ??  gd32f30x_adc.o [3]
adc_software_trigger_enable
                         0x800'0d29   0x2e  Code  ??  gd32f30x_adc.o [3]
adc_special_function_config
                         0x800'0a99   0x6e  Code  ??  gd32f30x_adc.o [3]
debug_signal            0x2000'0408    0x1  Data  ??  main.o [1]
delay_ms                 0x800'0199   0x10  Code  ??  main.o [1]
draw_radar               0x800'058b   0xcc  Code  ??  main.o [1]
draw_semicircle          0x800'0513   0x78  Code  Lc  main.o [1]
exit                     0x800'129f    0x4  Code  ??  exit.o [4]
gpio_init                0x800'08d9   0xde  Code  ??  gd32f30x_gpio.o [3]
i2c_clock_config         0x800'0d81  0x16c  Code  ??  gd32f30x_i2c.o [3]
i2c_config               0x800'025f   0x38  Code  ??  main.o [1]
i2c_data_transmit        0x800'0f21    0x8  Code  ??  gd32f30x_i2c.o [3]
i2c_enable               0x800'0f03    0xa  Code  ??  gd32f30x_i2c.o [3]
i2c_flag_clear           0x800'0f47   0x40  Code  ??  gd32f30x_i2c.o [3]
i2c_flag_get             0x800'0f29   0x1e  Code  ??  gd32f30x_i2c.o [3]
i2c_master_addressing    0x800'0eed   0x16  Code  ??  gd32f30x_i2c.o [3]
i2c_start_on_bus         0x800'0f0d    0xa  Code  ??  gd32f30x_i2c.o [3]
i2c_stop_on_bus          0x800'0f17    0xa  Code  ??  gd32f30x_i2c.o [3]
main                     0x800'0657   0x4c  Code  ??  main.o [1]
msTicks                 0x2000'0404    0x4  Data  ??  main.o [1]
oled_buffer             0x2000'0004  0x400  Data  Lc  main.o [1]
rcu_adc_clock_config     0x800'0753   0x5a  Code  ??  gd32f30x_rcu.o [3]
rcu_clock_freq_get       0x800'07ad  0x100  Code  ??  gd32f30x_rcu.o [3]
rcu_periph_clock_enable
                         0x800'06e1   0x26  Code  ??  gd32f30x_rcu.o [3]
rcu_periph_reset_disable
                         0x800'072d   0x26  Code  ??  gd32f30x_rcu.o [3]
rcu_periph_reset_enable
                         0x800'0707   0x26  Code  ??  gd32f30x_rcu.o [3]
system_clock_120m_hxtal
                         0x800'10eb   0xb8  Code  Lc  system_gd32f30x.o [2]
system_clock_config      0x800'10e3    0x8  Code  Lc  system_gd32f30x.o [2]


[1] = D:\Test\Debug\Obj\APP_7154173064415748325.dir
[2] = D:\Test\Debug\Obj\CMSIS_13545061835669826545.dir
[3] = D:\Test\Debug\Obj\DRIVER_5575765168185057779.dir
[4] = dl7M_tln.a
[5] = m7M_tls.a
[6] = rt7M_tl.a
[7] = shb_l.a

  5'082 bytes of readonly  code memory
     94 bytes of readonly  data memory
  2'057 bytes of readwrite data memory

Errors: none
Warnings: none
